// Jest Snapshot v1, https://goo.gl/fbAQLP

exports[`Itinerary renders properly 1`] = `
ShallowWrapper {
  Symbol(enzyme.__root__): [Circular],
  Symbol(enzyme.__unrendered__): <Itinerary
    segments={
      Array [
        Object {
          "departure": 1,
          "segment_id": "segments.segment_id",
          "type": "segments.type",
        },
      ]
    }
  />,
  Symbol(enzyme.__renderer__): Object {
    "batchedUpdates": [Function],
    "getNode": [Function],
    "render": [Function],
    "simulateError": [Function],
    "simulateEvent": [Function],
    "unmount": [Function],
  },
  Symbol(enzyme.__node__): Object {
    "instance": null,
    "key": undefined,
    "nodeType": "host",
    "props": Object {
      "children": Array [
        <h2
          className="from-to"
        >
           - 
        </h2>,
        <ul
          className="segment-list"
        >
          <Segment
            departure={1}
            segment_id="segments.segment_id"
            type="segments.type"
          />
        </ul>,
      ],
      "className": "Itinerary",
    },
    "ref": null,
    "rendered": Array [
      Object {
        "instance": null,
        "key": undefined,
        "nodeType": "host",
        "props": Object {
          "children": Array [
            undefined,
            " - ",
            undefined,
          ],
          "className": "from-to",
        },
        "ref": null,
        "rendered": Array [
          undefined,
          " - ",
          undefined,
        ],
        "type": "h2",
      },
      Object {
        "instance": null,
        "key": undefined,
        "nodeType": "host",
        "props": Object {
          "children": Array [
            <Segment
              departure={1}
              segment_id="segments.segment_id"
              type="segments.type"
            />,
          ],
          "className": "segment-list",
        },
        "ref": null,
        "rendered": Array [
          Object {
            "instance": null,
            "key": "0",
            "nodeType": "class",
            "props": Object {
              "departure": 1,
              "segment_id": "segments.segment_id",
              "type": "segments.type",
            },
            "ref": null,
            "rendered": null,
            "type": [Function],
          },
        ],
        "type": "ul",
      },
    ],
    "type": "section",
  },
  Symbol(enzyme.__nodes__): Array [
    Object {
      "instance": null,
      "key": undefined,
      "nodeType": "host",
      "props": Object {
        "children": Array [
          <h2
            className="from-to"
          >
             - 
          </h2>,
          <ul
            className="segment-list"
          >
            <Segment
              departure={1}
              segment_id="segments.segment_id"
              type="segments.type"
            />
          </ul>,
        ],
        "className": "Itinerary",
      },
      "ref": null,
      "rendered": Array [
        Object {
          "instance": null,
          "key": undefined,
          "nodeType": "host",
          "props": Object {
            "children": Array [
              undefined,
              " - ",
              undefined,
            ],
            "className": "from-to",
          },
          "ref": null,
          "rendered": Array [
            undefined,
            " - ",
            undefined,
          ],
          "type": "h2",
        },
        Object {
          "instance": null,
          "key": undefined,
          "nodeType": "host",
          "props": Object {
            "children": Array [
              <Segment
                departure={1}
                segment_id="segments.segment_id"
                type="segments.type"
              />,
            ],
            "className": "segment-list",
          },
          "ref": null,
          "rendered": Array [
            Object {
              "instance": null,
              "key": "0",
              "nodeType": "class",
              "props": Object {
                "departure": 1,
                "segment_id": "segments.segment_id",
                "type": "segments.type",
              },
              "ref": null,
              "rendered": null,
              "type": [Function],
            },
          ],
          "type": "ul",
        },
      ],
      "type": "section",
    },
  ],
  Symbol(enzyme.__options__): Object {
    "adapter": ReactSixteenAdapter {
      "options": Object {
        "enableComponentDidUpdateOnSetState": true,
        "lifecycles": Object {
          "componentDidUpdate": Object {
            "onSetState": true,
          },
          "getDerivedStateFromProps": true,
          "getSnapshotBeforeUpdate": true,
          "setState": Object {
            "skipsComponentDidUpdateOnNullish": true,
          },
        },
      },
    },
    "disableLifecycleMethods": true,
  },
}
`;
