// Jest Snapshot v1, https://goo.gl/fbAQLP

exports[`Segment renders properly 1`] = `
ShallowWrapper {
  Symbol(enzyme.__root__): [Circular],
  Symbol(enzyme.__unrendered__): <Segment
    departure={1}
    segment_id="segment_id"
    type="type"
  />,
  Symbol(enzyme.__renderer__): Object {
    "batchedUpdates": [Function],
    "getNode": [Function],
    "render": [Function],
    "simulateError": [Function],
    "simulateEvent": [Function],
    "unmount": [Function],
  },
  Symbol(enzyme.__node__): Object {
    "instance": null,
    "key": undefined,
    "nodeType": "host",
    "props": Object {
      "children": Array [
        <span
          className="timestamp"
        >
          <t
            ago={false}
            calendar={false}
            decimal={false}
            element="time"
            filter={[Function]}
            format="HH:mm"
            fromNow={false}
            interval={60000}
            onChange={[Function]}
            titleFormat=""
            toNow={false}
            unit={null}
            unix={false}
            utc={false}
            withTitle={false}
          >
            1000
          </t>
        </span>,
        null,
      ],
      "className": "Segment",
    },
    "ref": null,
    "rendered": Array [
      Object {
        "instance": null,
        "key": undefined,
        "nodeType": "host",
        "props": Object {
          "children": <t
            ago={false}
            calendar={false}
            decimal={false}
            element="time"
            filter={[Function]}
            format="HH:mm"
            fromNow={false}
            interval={60000}
            onChange={[Function]}
            titleFormat=""
            toNow={false}
            unit={null}
            unix={false}
            utc={false}
            withTitle={false}
          >
            1000
          </t>,
          "className": "timestamp",
        },
        "ref": null,
        "rendered": Object {
          "instance": null,
          "key": undefined,
          "nodeType": "class",
          "props": Object {
            "ago": false,
            "calendar": false,
            "children": 1000,
            "decimal": false,
            "element": "time",
            "filter": [Function],
            "format": "HH:mm",
            "fromNow": false,
            "interval": 60000,
            "onChange": [Function],
            "titleFormat": "",
            "toNow": false,
            "unit": null,
            "unix": false,
            "utc": false,
            "withTitle": false,
          },
          "ref": null,
          "rendered": 1000,
          "type": [Function],
        },
        "type": "span",
      },
      null,
    ],
    "type": "li",
  },
  Symbol(enzyme.__nodes__): Array [
    Object {
      "instance": null,
      "key": undefined,
      "nodeType": "host",
      "props": Object {
        "children": Array [
          <span
            className="timestamp"
          >
            <t
              ago={false}
              calendar={false}
              decimal={false}
              element="time"
              filter={[Function]}
              format="HH:mm"
              fromNow={false}
              interval={60000}
              onChange={[Function]}
              titleFormat=""
              toNow={false}
              unit={null}
              unix={false}
              utc={false}
              withTitle={false}
            >
              1000
            </t>
          </span>,
          null,
        ],
        "className": "Segment",
      },
      "ref": null,
      "rendered": Array [
        Object {
          "instance": null,
          "key": undefined,
          "nodeType": "host",
          "props": Object {
            "children": <t
              ago={false}
              calendar={false}
              decimal={false}
              element="time"
              filter={[Function]}
              format="HH:mm"
              fromNow={false}
              interval={60000}
              onChange={[Function]}
              titleFormat=""
              toNow={false}
              unit={null}
              unix={false}
              utc={false}
              withTitle={false}
            >
              1000
            </t>,
            "className": "timestamp",
          },
          "ref": null,
          "rendered": Object {
            "instance": null,
            "key": undefined,
            "nodeType": "class",
            "props": Object {
              "ago": false,
              "calendar": false,
              "children": 1000,
              "decimal": false,
              "element": "time",
              "filter": [Function],
              "format": "HH:mm",
              "fromNow": false,
              "interval": 60000,
              "onChange": [Function],
              "titleFormat": "",
              "toNow": false,
              "unit": null,
              "unix": false,
              "utc": false,
              "withTitle": false,
            },
            "ref": null,
            "rendered": 1000,
            "type": [Function],
          },
          "type": "span",
        },
        null,
      ],
      "type": "li",
    },
  ],
  Symbol(enzyme.__options__): Object {
    "adapter": ReactSixteenAdapter {
      "options": Object {
        "enableComponentDidUpdateOnSetState": true,
        "lifecycles": Object {
          "componentDidUpdate": Object {
            "onSetState": true,
          },
          "getDerivedStateFromProps": true,
          "getSnapshotBeforeUpdate": true,
          "setState": Object {
            "skipsComponentDidUpdateOnNullish": true,
          },
        },
      },
    },
    "disableLifecycleMethods": true,
  },
}
`;
